// Jest Snapshot v1, https://goo.gl/fbAQLP

exports[`tests the query building steps renders the empty state 1`] = `
<div
  data-testid="empty-state-container"
>
  <h1
    class="queryTitle"
  >
    Query repository
  </h1>
  <div
    class="background-dark emptyStateQueryContainer"
  >
    <div
      class="display-flex flex-column flex-align-left"
    >
      <h2
        class="emptyQueryTitle"
      >
        Start with Query Builder
      </h2>
      <h3
        class="emptyQuerySubtitle"
      >
        Create custom queries that your staff can use to search for relevant data
      </h3>
      <ul
        class="emptyQueryExplainer"
      >
        <li>
          <strong>
            Leverage
          </strong>
           our pre-populated templates with public health codes from LOINC, ICD-10, SNOMED, and more.
        </li>
        <li>
          <strong>
            Decide
          </strong>
           which codes to include in each query.
        </li>
        <li>
          <strong>
            Combine
          </strong>
           codes from different conditions.
        </li>
      </ul>
      <button
        class="usa-button createQueryButton"
        data-testid="button"
        type="button"
      >
        Build your first query
      </button>
    </div>
  </div>
</div>
`;
