// Jest Snapshot v1, https://goo.gl/fbAQLP

exports[`tests the valueset selection page interactions filter bulk selection updates only the filtered valuesets 1`] = `
<body
  style="padding-right: 0px;"
>
  <div>
    <div
      class="main-container__wide mainContainer"
    >
      <a
        aria-label="Back arrow indicating ability to navigate back a page if clicked"
        class="back-link text-no-underline"
        data-testid="backArrowLink"
        href="#"
      >
        <svg
          aria-label="Arrow point left indicating return to previous step"
          class="usa-icon"
          focusable="false"
          height="1em"
          role="img"
          viewBox="0 0 24 24"
          width="1em"
          xmlns="http://www.w3.org/2000/svg"
        >
          <path
            d="M20 11H7.83l5.59-5.59L12 4l-8 8 8 8 1.41-1.41L7.83 13H20v-2z"
          />
        </svg>
         
        Back to condition selection
      </a>
      <div
        class="customQuery__header"
      >
        <h1
          class="queryTitle"
        >
          Custom query
        </h1>
        <div
          class="customQuery__controls"
        >
          <div
            class="customQuery__name"
          >
            <label
              class="usa-label inputLabel"
              data-testid="label"
              for="queryNameInput"
            >
              Query name 
              <span
                class="text-secondary"
              >
                (required)
              </span>
            </label>
            <input
              class="usa-input input"
              data-testid="queryNameInput"
              id="queryNameInput"
              name="queryNameInput"
              required=""
              type="text"
              value="Gonorrhea case investigation"
            />
          </div>
          <div
            class="customQuery__saveButton"
          >
            <button
              class="usa-button queryBuildingButton margin-0"
              data-testid="createSaveQueryBtn"
              title="Save query"
              type="button"
            >
              Save query
            </button>
          </div>
        </div>
      </div>
      <div
        class="display-flex flex-auto"
      >
        <div
          class="background-dark margin-top-4  valueSetTemplateContainer"
        >
          <div
            class="valueSetTemplateContainer__inner"
          >
            <div
              class="valueSetTemplate__left"
            >
              <div
                class="sideBarMenu"
              >
                <div
                  class="sideBarMenu__content"
                >
                  <div
                    class="section_templates"
                  >
                    <div
                      class="sectionTitle"
                    >
                      <div>
                        TEMPLATES
                      </div>
                      <div
                        class="addCondition"
                        data-testid="add-condition-icon"
                        role="button"
                        tabindex="0"
                      >
                        <svg
                          aria-label="Plus sign icon indicating addition"
                          class="usa-icon usa-icon--size-3 usa-icon"
                          focusable="false"
                          height="1em"
                          role="img"
                          viewBox="0 0 24 24"
                          width="1em"
                          xmlns="http://www.w3.org/2000/svg"
                        >
                          <path
                            d="M19 13h-6v6h-2v-6H5v-2h6V5h2v6h6v2z"
                          />
                        </svg>
                        <span
                          data-testid="add-left-rail"
                        >
                          ADD
                        </span>
                      </div>
                    </div>
                    <div
                      class="align-items-center card active"
                      data-testid="15628003-card-active"
                    >
                      <div
                        id="tab-15628003"
                        tabindex="0"
                      >
                        Gonorrhea
                      </div>
                      <svg
                        aria-label="Trash icon indicating deletion of disease"
                        class="usa-icon usa-icon--size-5 usa-icon deleteIcon destructive-primary"
                        data-testid="delete-condition-15628003"
                        focusable="false"
                        height="1em"
                        role="img"
                        viewBox="0 0 24 24"
                        width="1em"
                        xmlns="http://www.w3.org/2000/svg"
                      >
                        <path
                          d="M6 19c0 1.1.9 2 2 2h8c1.1 0 2-.9 2-2V7H6v12zM19 4h-3.5l-1-1h-5l-1 1H5v2h14V4z"
                        />
                      </svg>
                    </div>
                  </div>
                  <div
                    class="section_custom"
                  >
                    <div
                      class="sectionTitle padding-top-2"
                    >
                      CUSTOM
                    </div>
                    <div
                      class="align-items-center card"
                    >
                      <div
                        id="tab-custom"
                        role="button"
                        tabindex="0"
                      >
                        Additional codes from library
                      </div>
                    </div>
                  </div>
                  <div
                    class="section_custom"
                  >
                    <div
                      class="align-items-center card"
                    >
                      <div
                        id="tab-medical-records"
                        role="button"
                        tabindex="0"
                      >
                        Medical record sections
                      </div>
                    </div>
                  </div>
                </div>
              </div>
            </div>
            <div
              class="valueSetTemplate__right"
            >
              <div
                class="valueSetTemplate__search"
              >
                <input
                  class="usa-input searchField valueSetSearch"
                  data-testid="textInput"
                  id="valueSetTemplateSearch"
                  name="valueSetTemplateSearch"
                  placeholder="Search labs, medications, conditions"
                  type="search"
                  value=""
                />
              </div>
              <div
                class="accordionContainer"
                data-testid="accordion-container"
              >
                <div>
                  <div
                    class="usa-accordion accordionInnerWrapper"
                    data-testid="accordion"
                  >
                    <h4
                      class="usa-accordion__heading"
                    >
                      <button
                        aria-controls="labs"
                        aria-expanded="true"
                        class="usa-accordion__button"
                        data-testid="accordionButton_labs"
                        type="button"
                      >
                        <div
                          class="accordionHeaderWrapper"
                        >
                          <div
                            class="checkboxInfoContainer"
                            tabindex="0"
                          >
                            <div
                              class="valueSetTemplate__toggleRowHeader"
                            >
                              <svg
                                aria-label="Arrow indicating collapsed or expanded toggle content"
                                class="usa-icon usa-icon--size-3"
                                focusable="false"
                                height="1em"
                                role="img"
                                viewBox="0 0 24 24"
                                width="1em"
                                xmlns="http://www.w3.org/2000/svg"
                              >
                                <path
                                  d="m7 14 5-5 5 5z"
                                />
                              </svg>
                              <div
                                class="usa-checkbox valueSetTemplate__titleCheckbox checkbox isMinusCheckboxState"
                                data-testid="checkbox"
                              >
                                <input
                                  checked=""
                                  class="usa-checkbox__input"
                                  id="labs"
                                  name="labs"
                                  type="checkbox"
                                />
                                <label
                                  class="usa-checkbox__label"
                                  for="labs"
                                >
                                  <div>
                                    labs
                                  </div>
                                </label>
                              </div>
                            </div>
                          </div>
                          <div
                            class="accordionHeaderCount"
                          >
                            14 / 16
                          </div>
                        </div>
                      </button>
                    </h4>
                    <div
                      class="usa-accordion__content usa-prose"
                      data-testid="accordionItem_labs"
                      id="labs"
                    >
                      <div>
                        <div
                          class="accordionBodyExpanded"
                          data-testid="container-2.16.840.1.113762.1.4.1146.1036_20190605"
                        >
                          <div
                            class="accordionExpandedInner"
                          >
                            <div
                              class="valueSetTemplate__checkboxWrapper"
                            >
                              <div
                                class="valueSetTemplate__checkboxWrapper"
                              >
                                <div
                                  class="display-flex flex-column"
                                >
                                  <div
                                    class="checkboxInfoContainer"
                                    tabindex="0"
                                  >
                                    <div
                                      class="usa-checkbox valueSetTemplate__checkbox checkbox isMinusCheckboxState"
                                      data-testid="checkbox"
                                    >
                                      <input
                                        class="usa-checkbox__input"
                                        id="2.16.840.1.113762.1.4.1146.1036_20190605"
                                        name="2.16.840.1.113762.1.4.1146.1036_20190605"
                                        type="checkbox"
                                      />
                                      <label
                                        class="usa-checkbox__label"
                                        for="2.16.840.1.113762.1.4.1146.1036_20190605"
                                      >
                                        <div
                                          class="expandedContent"
                                        >
                                          <div
                                            class="vsName"
                                          >
                                            <span>
                                              <span
                                                class=""
                                              >
                                                Gonorrhea [Neisseria species Unspecified] (Organism or Substance in Lab Results)
                                              </span>
                                            </span>
                                          </div>
                                        </div>
                                      </label>
                                    </div>
                                  </div>
                                  <div
                                    class="vsDetails"
                                  >
                                    <div
                                      class="padding-right-2"
                                    >
                                      Author: CSTE Steward
                                    </div>
                                    <div>
                                      System: http://snomed.info/sct
                                    </div>
                                  </div>
                                </div>
                              </div>
                            </div>
                            <div
                              class="accordionBodyExpanded__right"
                            >
                              <div
                                class="displayCount"
                                data-testid="displayCount-2.16.840.1.113762.1.4.1146.1036_20190605"
                              >
                                2
                                 / 
                                4
                              </div>
                              <button
                                class="usa-button usa-button--secondary viewCodesBtn"
                                data-testid="viewCodes-2.16.840.1.113762.1.4.1146.1036_20190605"
                                role="button"
                                tabindex="0"
                                type="button"
                              >
                                View codes
                              </button>
                            </div>
                          </div>
                        </div>
                        <div
                          class="accordionBodyExpanded"
                          data-testid="container-2.16.840.1.113762.1.4.1146.169_20230602"
                        >
                          <div
                            class="accordionExpandedInner"
                          >
                            <div
                              class="valueSetTemplate__checkboxWrapper"
                            >
                              <div
                                class="valueSetTemplate__checkboxWrapper"
                              >
                                <div
                                  class="display-flex flex-column"
                                >
                                  <div
                                    class="checkboxInfoContainer"
                                    tabindex="0"
                                  >
                                    <div
                                      class="usa-checkbox valueSetTemplate__checkbox checkbox"
                                      data-testid="checkbox"
                                    >
                                      <input
                                        checked=""
                                        class="usa-checkbox__input"
                                        id="2.16.840.1.113762.1.4.1146.169_20230602"
                                        name="2.16.840.1.113762.1.4.1146.169_20230602"
                                        type="checkbox"
                                      />
                                      <label
                                        class="usa-checkbox__label"
                                        for="2.16.840.1.113762.1.4.1146.169_20230602"
                                      >
                                        <div
                                          class="expandedContent"
                                        >
                                          <div
                                            class="vsName"
                                          >
                                            <span>
                                              <span
                                                class=""
                                              >
                                                Gonorrhea [Neisseria gonorrhoeae] (Organism or Substance in Lab Results)
                                              </span>
                                            </span>
                                          </div>
                                        </div>
                                      </label>
                                    </div>
                                  </div>
                                  <div
                                    class="vsDetails"
                                  >
                                    <div
                                      class="padding-right-2"
                                    >
                                      Author: CSTE Steward
                                    </div>
                                    <div>
                                      System: http://snomed.info/sct
                                    </div>
                                  </div>
                                </div>
                              </div>
                            </div>
                            <div
                              class="accordionBodyExpanded__right"
                            >
                              <div
                                class="displayCount"
                                data-testid="displayCount-2.16.840.1.113762.1.4.1146.169_20230602"
                              >
                                12
                                 / 
                                12
                              </div>
                              <button
                                class="usa-button usa-button--secondary viewCodesBtn"
                                data-testid="viewCodes-2.16.840.1.113762.1.4.1146.169_20230602"
                                role="button"
                                tabindex="0"
                                type="button"
                              >
                                View codes
                              </button>
                            </div>
                          </div>
                        </div>
                        <div
                          class="drawer closed width35"
                          data-testid="drawer-open-false"
                          role="dialog"
                        >
                          <div
                            class="drawerContent display-none"
                          >
                            <div
                              class="drawerHeader"
                            >
                              <button
                                aria-label="Close drawer"
                                class="closeButton"
                                data-testid="close-drawer"
                              >
                                <svg
                                  aria-label="X icon indicating closure"
                                  class="usa-icon usa-icon--size-3"
                                  focusable="false"
                                  height="1em"
                                  role="img"
                                  viewBox="0 0 24 24"
                                  width="1em"
                                  xmlns="http://www.w3.org/2000/svg"
                                >
                                  <path
                                    d="M19 6.41 17.59 5 12 10.59 6.41 5 5 6.41 10.59 12 5 17.59 6.41 19 12 13.41 17.59 19 19 17.59 13.41 12z"
                                  />
                                </svg>
                              </button>
                              <h2
                                class="margin-0 padding-bottom-2"
                                data-testid="drawer-title"
                              >
                                <span />
                              </h2>
                              <div>
                                <input
                                  class="usa-input searchField"
                                  data-testid="textInput"
                                  id="searchFieldTemplate"
                                  name="searchFieldTemplate"
                                  placeholder="Search by code or name"
                                  type="search"
                                  value=""
                                />
                              </div>
                            </div>
                            <div
                              class="drawerBody"
                            >
                              <table
                                class="conceptSelectionTable"
                              >
                                <thead>
                                  <tr
                                    class="margin-top-3"
                                  >
                                    <th>
                                      No matching codes found
                                    </th>
                                  </tr>
                                </thead>
                                <tbody />
                              </table>
                            </div>
                          </div>
                        </div>
                      </div>
                    </div>
                  </div>
                </div>
              </div>
            </div>
          </div>
          <div
            class="drawer closed width35"
            data-testid="drawer-open-false"
            role="dialog"
          >
            <div
              class="drawerContent display-none"
            >
              <div
                class="drawerHeader"
              >
                <button
                  aria-label="Close drawer"
                  class="closeButton"
                  data-testid="close-drawer"
                >
                  <svg
                    aria-label="X icon indicating closure"
                    class="usa-icon usa-icon--size-3"
                    focusable="false"
                    height="1em"
                    role="img"
                    viewBox="0 0 24 24"
                    width="1em"
                    xmlns="http://www.w3.org/2000/svg"
                  >
                    <path
                      d="M19 6.41 17.59 5 12 10.59 6.41 5 5 6.41 10.59 12 5 17.59 6.41 19 12 13.41 17.59 19 19 17.59 13.41 12z"
                    />
                  </svg>
                </button>
                <h2
                  class="margin-0 padding-bottom-2"
                  data-testid="drawer-title"
                >
                  Add Condition(s)
                </h2>
                <div>
                  <input
                    class="usa-input searchField"
                    data-testid="textInput"
                    id="searchFieldTemplate"
                    name="searchFieldTemplate"
                    placeholder="Search condition or category"
                    type="search"
                    value=""
                  />
                </div>
              </div>
              <div
                class="drawerBody"
              >
                <div
                  id="Cancer"
                >
                  <div
                    class="conditionDrawerHeader"
                  >
                    <span>
                      <span
                        class=""
                      >
                        Cancer
                      </span>
                    </span>
                  </div>
                  <div>
                    <div
                      class="conditionItem"
                      data-testid="update-363346000"
                      id="update-363346000"
                    >
                      <span>
                         
                        <span>
                          <span
                            class=""
                          >
                            Malignant neoplastic disease
                          </span>
                        </span>
                      </span>
                      <span
                        class="addButton"
                        data-testid="condition-drawer-add-363346000"
                        role="button"
                      >
                        ADD
                      </span>
                    </div>
                    <div
                      class="conditionItem"
                      data-testid="update-2"
                      id="update-2"
                    >
                      <span>
                         
                        <span>
                          <span
                            class=""
                          >
                            Cancer (Leukemia)
                          </span>
                        </span>
                      </span>
                      <span
                        class="addButton"
                        data-testid="condition-drawer-add-2"
                        role="button"
                      >
                        ADD
                      </span>
                    </div>
                  </div>
                </div>
                <div
                  id="Sexually Transmitted Diseases"
                >
                  <div
                    class="conditionDrawerHeader"
                  >
                    <span>
                      <span
                        class=""
                      >
                        Sexually Transmitted Diseases (STI)
                      </span>
                    </span>
                  </div>
                  <div>
                    <div
                      class="conditionItem"
                      data-testid="update-76272004"
                      id="update-76272004"
                    >
                      <span>
                         
                        <span>
                          <span
                            class=""
                          >
                            Syphilis
                          </span>
                        </span>
                      </span>
                      <span
                        class="addButton"
                        data-testid="condition-drawer-add-76272004"
                        role="button"
                      >
                        ADD
                      </span>
                    </div>
                    <div
                      class="conditionItem"
                      data-testid="update-240589008"
                      id="update-240589008"
                    >
                      <span>
                         
                        <span>
                          <span
                            class=""
                          >
                            Chlamydia trachomatis infection
                          </span>
                        </span>
                      </span>
                      <span
                        class="addButton"
                        data-testid="condition-drawer-add-240589008"
                        role="button"
                      >
                        ADD
                      </span>
                    </div>
                    <div
                      class="conditionItem"
                      data-testid="update-15628003"
                      id="update-15628003"
                    >
                      <span>
                         
                        <span>
                          <span
                            class=""
                          >
                            Gonorrhea
                          </span>
                        </span>
                      </span>
                      <span
                        class="addedStatus"
                        data-testid="condition-drawer-added-15628003"
                      >
                        Added
                      </span>
                    </div>
                  </div>
                </div>
                 
              </div>
            </div>
          </div>
        </div>
      </div>
    </div>
  </div>
  <div
    aria-describedby="warning-confirmation-modal-modal-description"
    aria-labelledby="warning-confirmation-modal-modal-heading"
    class="usa-modal-wrapper is-hidden"
    data-force-action="false"
    id="warning-confirmation-modal-modal"
    role="dialog"
  >
    <div
      aria-controls="warning-confirmation-modal-modal"
      class="usa-modal-overlay"
      data-testid="modalOverlay"
    >
      <div
        class="usa-modal qc-modal"
        data-force-action="false"
        data-testid="modalWindow"
        tabindex="-1"
      >
        <div
          class="usa-modal__content"
        >
          <div
            class="usa-modal__main"
          >
            <h2
              class="usa-modal__heading"
              id="warning-confirmation-modal-modal-heading"
            >
              You have unsaved changes
            </h2>
            <div
              class="usa-prose"
              id="warning-confirmation-modal-modal-description"
            >
              <p>
                You've made changes to your query. Would you like to save before leaving?
              </p>
            </div>
            <div
              class="usa-modal__footer"
              data-testid="modalFooter"
            >
              <ul
                class="usa-button-group"
              >
                <li
                  class="usa-button-group__item"
                >
                  <button
                    class="usa-button usa-button--default"
                    data-testid="button"
                    type="button"
                  >
                    Save
                  </button>
                </li>
                <li
                  class="usa-button-group__item"
                >
                  <button
                    class="usa-button usa-button--outline"
                    data-testid="button"
                    type="button"
                  >
                    Dismiss
                  </button>
                </li>
              </ul>
            </div>
          </div>
          <button
            aria-controls="warning-confirmation-modal-modal"
            aria-label="Close this window"
            class="usa-button usa-modal__close"
            data-close-modal="true"
            data-testid="button"
            type="button"
          >
            <svg
              aria-hidden="true"
              class="usa-icon"
              focusable="false"
              height="1em"
              role="img"
              viewBox="0 0 24 24"
              width="1em"
              xmlns="http://www.w3.org/2000/svg"
            >
              <path
                d="M19 6.41 17.59 5 12 10.59 6.41 5 5 6.41 10.59 12 5 17.59 6.41 19 12 13.41 17.59 19 19 17.59 13.41 12z"
              />
            </svg>
          </button>
        </div>
      </div>
    </div>
  </div>
</body>
`;
