// Jest Snapshot v1, https://goo.gl/fbAQLP

exports[`User Management: User tab Loads user list successfully 1`] = `
<body>
  <div>
    <div
      class="customizeTableWrapper"
    >
      <table
        class="usa-table usa-table--borderless customizeTable"
        data-testid="table"
      >
        <thead>
          <tr>
            <th>
              Name
            </th>
            <th>
              Permissions
            </th>
            <th>
              User groups
            </th>
          </tr>
        </thead>
        <tbody>
          <tr>
            <td
              width="270"
            >
              Potter, Lily 
            </td>
            <td
              class="roleDropdown"
              width="270"
            >
              <label
                class="usa-label usa-sr-only"
                data-testid="label"
                for="role-select-456"
              >
                User role
              </label>
              <select
                class="usa-select"
                data-testid="role-select-456"
                id="role-select-456"
              >
                <option
                  value="Super Admin"
                >
                  Super Admin
                </option>
                <option
                  selected=""
                  value="Admin"
                >
                  Admin
                </option>
                <option
                  value="Standard"
                >
                  Standard
                </option>
              </select>
            </td>
            <td>
              <button
                aria-description="Edit Order of the Phoenix members"
                class="usa-button usa-button--unstyled margin-right-2 text-no-underline"
                data-testid="button"
                type="button"
              >
                Order of the Phoenix
              </button>
            </td>
          </tr>
          <tr>
            <td
              width="270"
            >
              Potter, Harry 
            </td>
            <td
              class="roleDropdown"
              width="270"
            >
              <label
                class="usa-label usa-sr-only"
                data-testid="label"
                for="role-select-123"
              >
                User role
              </label>
              <select
                class="usa-select"
                data-testid="role-select-123"
                id="role-select-123"
              >
                <option
                  selected=""
                  value="Super Admin"
                >
                  Super Admin
                </option>
                <option
                  value="Admin"
                >
                  Admin
                </option>
                <option
                  value="Standard"
                >
                  Standard
                </option>
              </select>
            </td>
            <td>
              --
            </td>
          </tr>
        </tbody>
      </table>
    </div>
  </div>
  <div>
    <div
      class="customizeTableWrapper"
    >
      <table
        class="usa-table usa-table--borderless customizeTable"
        data-testid="table"
      >
        <thead>
          <tr>
            <th>
              Name
            </th>
            <th>
              Permissions
            </th>
            <th>
              User groups
            </th>
          </tr>
        </thead>
        <tbody>
          <tr>
            <td
              width="270"
            >
              Potter, Lily 
            </td>
            <td
              class="roleDropdown"
              width="270"
            >
              <label
                class="usa-label usa-sr-only"
                data-testid="label"
                for="role-select-456"
              >
                User role
              </label>
              <select
                class="usa-select"
                data-testid="role-select-456"
                id="role-select-456"
              >
                <option
                  value="Super Admin"
                >
                  Super Admin
                </option>
                <option
                  selected=""
                  value="Admin"
                >
                  Admin
                </option>
                <option
                  value="Standard"
                >
                  Standard
                </option>
              </select>
            </td>
            <td>
              <button
                aria-description="Edit Order of the Phoenix members"
                class="usa-button usa-button--unstyled margin-right-2 text-no-underline"
                data-testid="button"
                type="button"
              >
                Order of the Phoenix
              </button>
            </td>
          </tr>
          <tr>
            <td
              width="270"
            >
              Potter, Harry 
            </td>
            <td
              class="roleDropdown"
              width="270"
            >
              <label
                class="usa-label usa-sr-only"
                data-testid="label"
                for="role-select-123"
              >
                User role
              </label>
              <select
                class="usa-select"
                data-testid="role-select-123"
                id="role-select-123"
              >
                <option
                  selected=""
                  value="Super Admin"
                >
                  Super Admin
                </option>
                <option
                  value="Admin"
                >
                  Admin
                </option>
                <option
                  value="Standard"
                >
                  Standard
                </option>
              </select>
            </td>
            <td>
              --
            </td>
          </tr>
        </tbody>
      </table>
    </div>
  </div>
</body>
`;
